$ code-review-graph build --repo C:\Users\ragha\Desktop\bakeoff\cli
(cwd=C:\Users\ragha\Desktop\bakeoff\cli)

--- stdout ---
Full build: 747 files, 5723 nodes, 75353 edges (postprocess=full)

--- stderr ---
INFO: Schema version 1 -> 9: running migrations
INFO: Running migration v2
INFO: Migration v2: added 'signature' column to nodes
INFO: Running migration v3
INFO: Migration v3: created flows and flow_memberships tables
INFO: Running migration v4
INFO: Migration v4: added 'community_id' column to nodes
INFO: Migration v4: created communities table
INFO: Running migration v5
INFO: Migration v5: created nodes_fts FTS5 virtual table
INFO: Running migration v6
INFO: Migration v6: created summary tables (community_summaries, flow_snapshots, risk_index)
INFO: Running migration v7
INFO: Migration v7: added compound edge indexes
INFO: Running migration v8
INFO: Migration v8: created composite edge index
INFO: Running migration v9
INFO: Migration v9: added edge confidence columns
INFO: Migrations complete, now at schema version 9
INFO: Progress: 200/747 files parsed
INFO: Progress: 400/747 files parsed
INFO: Progress: 600/747 files parsed
INFO: Progress: 747/747 files parsed
INFO: Spring event resolver: indexed 0 events and emitted 0 CALLS edges
INFO: FTS index rebuilt: 5695 rows indexed
INFO: Loaded 4962 unique nodes, 74820 edges
INFO: igraph not available, using file-based community detection

